EN adder4bitsubt NULL F:/LAB/jeet_5s/Xilin/adder4bitsubt/adder4bitsubt.vhd sub00/vhpl02 1509359988
AR fulladder behavioral D:/IT_X_24/fulladder/fulladder.vhd sub00/vhpl01 1502172600
EN fulladder NULL D:/IT_X_24/fulladder/fulladder.vhd sub00/vhpl00 1502172599
AR adder4bitsubt behavioral F:/LAB/jeet_5s/Xilin/adder4bitsubt/adder4bitsubt.vhd sub00/vhpl03 1509359989
EN adder4bitsubt_tb NULL F:/LAB/jeet_5s/Xilin/adder4bitsubt/adder4bitsubt_tb.vhw sub00/vhpl04 1509359990
AR adder4bitsubt_tb testbench_arch F:/LAB/jeet_5s/Xilin/adder4bitsubt/adder4bitsubt_tb.vhw sub00/vhpl05 1509359991
