Release 8.1i - xst I.24
Copyright (c) 1995-2005 Xilinx, Inc.  All rights reserved.
--> Parameter TMPDIR set to ./xst/projnav.tmp
CPU : 0.00 / 0.07 s | Elapsed : 0.00 / 0.00 s
 
--> Parameter xsthdpdir set to ./xst
CPU : 0.00 / 0.07 s | Elapsed : 0.00 / 0.00 s
 
--> Reading design: FA_DECODER.prj

TABLE OF CONTENTS
  1) Synthesis Options Summary
  2) HDL Compilation
  3) HDL Analysis
  4) HDL Synthesis
     4.1) HDL Synthesis Report
  5) Advanced HDL Synthesis
     5.1) Advanced HDL Synthesis Report
  6) Low Level Synthesis
  7) Final Report

=========================================================================
*                      Synthesis Options Summary                        *
=========================================================================
---- Source Parameters
Input File Name                    : "FA_DECODER.prj"
Input Format                       : mixed
Ignore Synthesis Constraint File   : NO

---- Target Parameters
Output File Name                   : "FA_DECODER"
Output Format                      : NGC
Target Device                      : Automotive CoolRunner2

---- Source Options
Top Module Name                    : FA_DECODER
Automatic FSM Extraction           : YES
FSM Encoding Algorithm             : Auto
Mux Extraction                     : YES
Resource Sharing                   : YES

---- Target Options
Add IO Buffers                     : YES
MACRO Preserve                     : YES
XOR Preserve                       : YES
Equivalent register Removal        : YES

---- General Options
Optimization Goal                  : Speed
Optimization Effort                : 1
Keep Hierarchy                     : YES
RTL Output                         : Yes
Hierarchy Separator                : /
Bus Delimiter                      : <>
Case Specifier                     : maintain

---- Other Options
lso                                : FA_DECODER.lso
verilog2001                        : YES
safe_implementation                : No
wysiwyg                            : NO

=========================================================================


=========================================================================
*                          HDL Compilation                              *
=========================================================================
WARNING:HDLParsers:3215 - Unit work/FA_DECODER is now defined in a different file: was D:/IT_X_20/FA_DECODER/FA_DECODER.vhd, now is F:/LAB/jeet_5s/Xilin/FA_DECODER/FA_DECODER.vhd
WARNING:HDLParsers:3215 - Unit work/FA_DECODER/Behavioral is now defined in a different file: was D:/IT_X_20/FA_DECODER/FA_DECODER.vhd, now is F:/LAB/jeet_5s/Xilin/FA_DECODER/FA_DECODER.vhd
Compiling vhdl file "F:/LAB/jeet_5s/Xilin/FA_DECODER/FA_DECODER.vhd" in Library work.
Architecture behavioral of Entity fa_decoder is up to date.

=========================================================================
*                            HDL Analysis                               *
=========================================================================
Analyzing Entity <FA_DECODER> (Architecture <behavioral>).
Entity <FA_DECODER> analyzed. Unit <FA_DECODER> generated.

Analyzing Entity <DECODER3_8> (Architecture <behavioral>).
Entity <DECODER3_8> analyzed. Unit <DECODER3_8> generated.


=========================================================================
*                           HDL Synthesis                               *
=========================================================================

Synthesizing Unit <DECODER3_8>.
    Related source file is "D:/IT_X_20/DECODER3_8/DECODER3_8.vhd".
Unit <DECODER3_8> synthesized.


Synthesizing Unit <FA_DECODER>.
    Related source file is "F:/LAB/jeet_5s/Xilin/FA_DECODER/FA_DECODER.vhd".
WARNING:Xst:1306 - Output <carry> is never assigned.
WARNING:Xst:646 - Signal <b<6:5>> is assigned but never used.
WARNING:Xst:646 - Signal <b<3>> is assigned but never used.
WARNING:Xst:646 - Signal <b<0>> is assigned but never used.
WARNING:Xst:646 - Signal <c<4>> is assigned but never used.
WARNING:Xst:646 - Signal <c<2:0>> is assigned but never used.
WARNING:Xst:646 - Signal <c1> is assigned but never used.
WARNING:Xst:646 - Signal <c2> is assigned but never used.
Unit <FA_DECODER> synthesized.


=========================================================================
HDL Synthesis Report

Found no macro
=========================================================================

=========================================================================
*                       Advanced HDL Synthesis                          *
=========================================================================

WARNING:Xst:1290 - Hierarchical block <dec1> is unconnected in block <FA_DECODER>.
   It will be removed from the design.

=========================================================================
Advanced HDL Synthesis Report

Found no macro
=========================================================================

=========================================================================
*                         Low Level Synthesis                           *
=========================================================================

Optimizing unit <FA_DECODER> ...

Optimizing unit <DECODER3_8> ...
WARNING:Xst:1290 - Hierarchical block <dec1> is unconnected in block <FA_DECODER>.
   It will be removed from the design.

=========================================================================
*                            Final Report                               *
=========================================================================
Final Results
RTL Top Level Output File Name     : FA_DECODER.ngr
Top Level Output File Name         : FA_DECODER
Output Format                      : NGC
Optimization Goal                  : Speed
Keep Hierarchy                     : YES
Target Technology                  : Automotive CoolRunner2
Macro Preserve                     : YES
XOR Preserve                       : YES
wysiwyg                            : NO

Design Statistics
# IOs                              : 5

Cell Usage :
# BELS                             : 18
#      AND2                        : 9
#      AND4                        : 1
#      INV                         : 6
#      OR4                         : 1
#      VCC                         : 1
# IO Buffers                       : 4
#      IBUF                        : 3
#      OBUF                        : 1
=========================================================================
CPU : 2.02 / 2.09 s | Elapsed : 2.00 / 2.00 s
 
--> 

Total memory usage is 156448 kilobytes

Number of errors   :    0 (   0 filtered)
Number of warnings :   12 (   0 filtered)
Number of infos    :    0 (   0 filtered)

