V3 3
FL F:/LAB/jeet_5s/Xilin/DFF/DFF.vhd 2017/10/10.11:01:32 I.24
EN work/DFF 1511544263             FL F:/LAB/jeet_5s/Xilin/DFF/DFF.vhd \
      PB ieee/std_logic_1164 1131108373 PB ieee/std_logic_arith 1131108375 \
      PB ieee/STD_LOGIC_UNSIGNED 1131108379
AR work/DFF/Behavioral 1511544264  FL F:/LAB/jeet_5s/Xilin/DFF/DFF.vhd EN work/DFF 1511544263
