AR nand_2_or behavioral D:/IT_X_20/NAND_2_OR/NAND_2_OR.vhd sub00/vhpl01 1504864144
EN nand_2_or_res NULL D:/IT_X_20/NAND_2_OR/NAND_2_OR_RES.vhw sub00/vhpl02 1504864145
AR nand_2_or_res testbench_arch D:/IT_X_20/NAND_2_OR/NAND_2_OR_RES.vhw sub00/vhpl03 1504864146
EN nand_2_or NULL D:/IT_X_20/NAND_2_OR/NAND_2_OR.vhd sub00/vhpl00 1504864143
