AR mux4 behavioral D:/IT_X_20/mux4/mux4.vhd sub00/vhpl03 1505197041
EN mux4 NULL D:/IT_X_20/mux4/mux4.vhd sub00/vhpl02 1505197040
AR s_c_usingmux behavioral D:/IT_X_20/S_C_usingMUX/S_C_usingMUX.vhd sub00/vhpl01 1505197043
EN s_c_usingmux NULL D:/IT_X_20/S_C_usingMUX/S_C_usingMUX.vhd sub00/vhpl00 1505197042
