V3 4
FL J:/Xilin/fulladder4bit/fulladder4bit.vhd 2017/08/01.12:18:06 I.24
EN work/fulladder4bit 1502124026   FL J:/Xilin/fulladder4bit/fulladder4bit.vhd \
      PB ieee/std_logic_1164 1131108373 PB ieee/std_logic_arith 1131108375 \
      PB ieee/STD_LOGIC_UNSIGNED 1131108379
AR work/fulladder4bit/Behavioral 1502124027 FL J:/Xilin/fulladder4bit/fulladder4bit.vhd \
      EN work/fulladder4bit 1502124026 CP fulladder
