V3 3
FL F:/LAB/jeet_5s/Xilin/PROJECT1/PROJECT1.vhd 2017/07/18.12:15:02 I.24
EN work/PROJECT1 1509390677        FL F:/LAB/jeet_5s/Xilin/PROJECT1/PROJECT1.vhd \
      PB ieee/std_logic_1164 1131108373 PB ieee/std_logic_arith 1131108375 \
      PB ieee/STD_LOGIC_UNSIGNED 1131108379
AR work/PROJECT1/Behavioral 1509390678 FL F:/LAB/jeet_5s/Xilin/PROJECT1/PROJECT1.vhd \
      EN work/PROJECT1 1509390677
