V3 3
FL J:/Xilin/Half_Add/Half_Add.vhd 2017/07/25.12:32:56 I.24
EN work/Half_Add 1501520778        FL J:/Xilin/Half_Add/Half_Add.vhd PB ieee/std_logic_1164 1131108373 \
      PB ieee/std_logic_arith 1131108375 PB ieee/STD_LOGIC_UNSIGNED 1131108379
AR work/Half_Add/Behavioral 1501520779 FL J:/Xilin/Half_Add/Half_Add.vhd EN work/Half_Add 1501520778
