EN fa_decoder NULL F:/LAB/jeet_5s/Xilin/FA_DECODER/FA_DECODER.vhd sub00/vhpl00 1509363480
AR fa_decoder behavioral F:/LAB/jeet_5s/Xilin/FA_DECODER/FA_DECODER.vhd sub00/vhpl01 1509363481
AR decoder3_8 behavioral D:/IT_X_20/DECODER3_8/DECODER3_8.vhd sub00/vhpl03 1505201002
EN decoder3_8 NULL D:/IT_X_20/DECODER3_8/DECODER3_8.vhd sub00/vhpl02 1505201001
