EN halfadder NULL D:/IT_X_21/halfadder/halfadder.vhd sub00/vhpl00 1501567673
AR fulladder2 behavioral J:/Xilin/fulladder2/fulladder2.vhd sub00/vhpl03 1502121965
AR halfadder behavioral D:/IT_X_21/halfadder/halfadder.vhd sub00/vhpl01 1501567674
EN fulladder2 NULL J:/Xilin/fulladder2/fulladder2.vhd sub00/vhpl02 1502121964
