EN full_add_behaviour NULL E:/Full_Add_Behavioural/Full_Add_Behaviour.vhw sub00/vhpl02 1502176734
EN full_add_behavioural NULL E:/Full_Add_Behavioural/Full_Add_Behavioural.vhd sub00/vhpl00 1502176732
AR full_add_behaviour testbench_arch E:/Full_Add_Behavioural/Full_Add_Behaviour.vhw sub00/vhpl03 1502176735
AR full_add_behavioural behavioral E:/Full_Add_Behavioural/Full_Add_Behavioural.vhd sub00/vhpl01 1502176733
