V3 3
FL F:/LAB/jeet_5s/Xilin/Full_Add_Behavioural/Full_Add_Behavioural.vhd 2017/08/08.12:39:36 I.24
EN work/Full_Add_Behavioural 1509363654 \
      FL F:/LAB/jeet_5s/Xilin/Full_Add_Behavioural/Full_Add_Behavioural.vhd \
      PB ieee/std_logic_1164 1131108373 PB ieee/std_logic_arith 1131108375 \
      PB ieee/STD_LOGIC_UNSIGNED 1131108379
AR work/Full_Add_Behavioural/Behavioral 1509363655 \
      FL F:/LAB/jeet_5s/Xilin/Full_Add_Behavioural/Full_Add_Behavioural.vhd \
      EN work/Full_Add_Behavioural 1509363654
