V3 3
FL J:/Xilin/AND_GATE/AND_GATE.vhd 2017/07/18.11:11:38 I.24
EN work/AND_GATE 1501521592        FL J:/Xilin/AND_GATE/AND_GATE.vhd PB ieee/std_logic_1164 1131108373 \
      PB ieee/std_logic_arith 1131108375 PB ieee/STD_LOGIC_UNSIGNED 1131108379
AR work/AND_GATE/Behavioral 1501521593 FL J:/Xilin/AND_GATE/AND_GATE.vhd EN work/AND_GATE 1501521592
