V3 3
FL J:/Xilin/NOT_GATE/NOT_GATE.vhd 2017/07/18.11:47:28 I.24
EN work/NOT_GATE 1501521386        FL J:/Xilin/NOT_GATE/NOT_GATE.vhd PB ieee/std_logic_1164 1131108373 \
      PB ieee/std_logic_arith 1131108375 PB ieee/STD_LOGIC_UNSIGNED 1131108379
AR work/NOT_GATE/Behavioral 1501521387 FL J:/Xilin/NOT_GATE/NOT_GATE.vhd EN work/NOT_GATE 1501521386
