AR orgate_res testbench_arch D:/IT_X_20/OR_GATE/ORGATE_RES.vhw sub00/vhpl03 1500358379
EN orgate_res NULL D:/IT_X_20/OR_GATE/ORGATE_RES.vhw sub00/vhpl02 1500358378
AR or_gate behavioral D:/IT_X_20/OR_GATE/OR_GATE.vhd sub00/vhpl01 1500358377
EN or_gate NULL D:/IT_X_20/OR_GATE/OR_GATE.vhd sub00/vhpl00 1500358376
