EN d_b_max_res NULL F:/LAB/jeet_5s/Xilin/D_B_MAX/D_B_MAX_RES.vhw sub00/vhpl04 1509361220
AR mux4 behavioral D:/IT_X_20/mux4/mux4.vhd sub00/vhpl01 1505198250
EN mux4 NULL D:/IT_X_20/mux4/mux4.vhd sub00/vhpl00 1505198249
EN d_b_max NULL F:/LAB/jeet_5s/Xilin/D_B_MAX/D_B_MAX.vhd sub00/vhpl02 1509361218
AR d_b_mux_res testbench_arch D:/IT_X_20/D_B_MAX/D_B_MUX_RES.vhw sub00/vhpl07 1505198969
AR d_b_max_res testbench_arch F:/LAB/jeet_5s/Xilin/D_B_MAX/D_B_MAX_RES.vhw sub00/vhpl05 1509361221
AR d_b_max behavioral F:/LAB/jeet_5s/Xilin/D_B_MAX/D_B_MAX.vhd sub00/vhpl03 1509361219
EN d_b_mux_res NULL D:/IT_X_20/D_B_MAX/D_B_MUX_RES.vhw sub00/vhpl06 1505198968
