EN dff NULL D:/IT_X_20/DFF/DFF.vhd sub00/vhpl01 1507615692
AR dff behavioral D:/IT_X_20/DFF/DFF.vhd sub00/vhpl02 1507615693
EN bit_8_siso NULL I:/pendrive/5th_Lab/final/Xilin/8_SISO/8_SISO.vhd sub00/vhpl00 1508175529
AR bit_8_siso behavioral I:/pendrive/5th_Lab/final/Xilin/8_SISO/8_SISO.vhd sub00/vhpl03 1508175530
